src/br/unicamp/ic/sed/mobilemedia/mobilephonemgr_photo/impl/ComponentFactory.java
src/br/unicamp/ic/sed/mobilemedia/mobilephonemgr_photo/impl/Manager.java
src/br/unicamp/ic/sed/mobilemedia/mobilephonemgr_photo/impl/IMobilePhoneAdapter.java
src/br/unicamp/ic/sed/mobilemedia/mobilephonemgr_photo/impl/IManager.java
src/br/unicamp/ic/sed/mobilemedia/mobilephonemgr_photo/impl/IPhotoAdapter.java
src/br/unicamp/ic/sed/mobilemedia/exceptionhandler/spec/prov/IExceptionHandler.java
src/br/unicamp/ic/sed/mobilemedia/exceptionhandler/spec/prov/IManager.java
src/br/unicamp/ic/sed/mobilemedia/exceptionhandler/spec/req/IMobileResources.java
src/br/unicamp/ic/sed/mobilemedia/exceptionhandler/impl/ComponentFactory.java
src/br/unicamp/ic/sed/mobilemedia/exceptionhandler/impl/Handler.java
src/br/unicamp/ic/sed/mobilemedia/exceptionhandler/impl/Manager.java
src/br/unicamp/ic/sed/mobilemedia/exceptionhandler/impl/IExceptionHandlerFacade.java
src/br/unicamp/ic/sed/mobilemedia/filesystemmgr_mobilephonemgr/impl/ComponentFactory.java
src/br/unicamp/ic/sed/mobilemedia/filesystemmgr_mobilephonemgr/impl/Manager.java
src/br/unicamp/ic/sed/mobilemedia/filesystemmgr_mobilephonemgr/impl/IManager.java
src/br/unicamp/ic/sed/mobilemedia/filesystemmgr_mobilephonemgr/impl/IFileSystemAdapter.java
src/br/unicamp/ic/sed/mobilemedia/music_vp_copyphoto/impl/CopyphotoBinder.aj
src/br/unicamp/ic/sed/mobilemedia/music_vp_copyphoto/impl/CopyphotoStub.java
src/br/unicamp/ic/sed/mobilemedia/music_vp_copyphoto/impl/Variant_copyphoto.aj
src/br/unicamp/ic/sed/mobilemedia/mobilephonemgr/spec/excep/InvalidArrayFormatException.java
src/br/unicamp/ic/sed/mobilemedia/mobilephonemgr/spec/excep/UnavailablePhotoAlbumException.java
src/br/unicamp/ic/sed/mobilemedia/mobilephonemgr/spec/excep/InvalidPhotoAlbumNameException.java
src/br/unicamp/ic/sed/mobilemedia/mobilephonemgr/spec/excep/InvalidImageFormatException.java
src/br/unicamp/ic/sed/mobilemedia/mobilephonemgr/spec/excep/ImageNotFoundException.java
src/br/unicamp/ic/sed/mobilemedia/mobilephonemgr/spec/excep/ImagePathNotValidException.java
src/br/unicamp/ic/sed/mobilemedia/mobilephonemgr/spec/excep/NullAlbumDataReference.java
src/br/unicamp/ic/sed/mobilemedia/mobilephonemgr/spec/excep/InvalidImageDataException.java
src/br/unicamp/ic/sed/mobilemedia/mobilephonemgr/spec/excep/PersistenceMechanismException.java
src/br/unicamp/ic/sed/mobilemedia/mobilephonemgr/spec/prov/IMobilePhone.java
src/br/unicamp/ic/sed/mobilemedia/mobilephonemgr/spec/prov/IManager.java
src/br/unicamp/ic/sed/mobilemedia/mobilephonemgr/spec/req/IMobileResources.java
src/br/unicamp/ic/sed/mobilemedia/mobilephonemgr/spec/req/IFilesystem.java
src/br/unicamp/ic/sed/mobilemedia/mobilephonemgr/spec/req/IAlbum.java
src/br/unicamp/ic/sed/mobilemedia/mobilephonemgr/spec/dt/Constants.java
src/br/unicamp/ic/sed/mobilemedia/mobilephonemgr/spec/dt/Command.java
src/br/unicamp/ic/sed/mobilemedia/mobilephonemgr/spec/dt/ImageData.java
src/br/unicamp/ic/sed/mobilemedia/mobilephonemgr/impl/VariantFactory.aj
src/br/unicamp/ic/sed/mobilemedia/mobilephonemgr/impl/BaseController.java
src/br/unicamp/ic/sed/mobilemedia/mobilephonemgr/impl/ComponentFactory.java
src/br/unicamp/ic/sed/mobilemedia/mobilephonemgr/impl/VPMedias.java
src/br/unicamp/ic/sed/mobilemedia/mobilephonemgr/impl/Manager.java
src/br/unicamp/ic/sed/mobilemedia/mobilephonemgr/impl/SelectTypeOfMedia.java
src/br/unicamp/ic/sed/mobilemedia/mobilephonemgr/impl/SelectMediaController.java
src/br/unicamp/ic/sed/mobilemedia/mobilephonemgr/impl/AbstractController.java
src/br/unicamp/ic/sed/mobilemedia/mobilephonemgr/impl/IMobilePhoneMgrFacade.java
src/br/unicamp/ic/sed/mobilemedia/mobilephonemgr/impl/ScreenSingleton.java
src/br/unicamp/ic/sed/mobilemedia/mobilephonemgr/impl/ControllerInterface.java
src/br/unicamp/ic/sed/mobilemedia/mobilephonemgr/impl/IBaseController.java
src/br/unicamp/ic/sed/mobilemedia/mobilephonemgr/impl/MediasBaseController.java
src/br/unicamp/ic/sed/mobilemedia/mobilephonemgr/impl/ObjectFactory.java
src/br/unicamp/ic/sed/mobilemedia/sms_album/ComponentFactory.java
src/br/unicamp/ic/sed/mobilemedia/sms_album/Manager.java
src/br/unicamp/ic/sed/mobilemedia/sms_album/IManager.java
src/br/unicamp/ic/sed/mobilemedia/sms_album/IAdapterAlbumSms.java
src/br/unicamp/ic/sed/mobilemedia/filesystemmgr_vp_sort_fav/impl/SortingBinder.aj
src/br/unicamp/ic/sed/mobilemedia/filesystemmgr_vp_sort_fav/impl/FavouritesStub.java
src/br/unicamp/ic/sed/mobilemedia/filesystemmgr_vp_sort_fav/impl/Variant_sort_fav.aj
src/br/unicamp/ic/sed/mobilemedia/filesystemmgr_vp_sort_fav/impl/FavouritesBinder.aj
src/br/unicamp/ic/sed/mobilemedia/filesystemmgr_vp_sort_fav/impl/SortingStub.java
src/br/unicamp/ic/sed/mobilemedia/photo/spec/excep/UnavailablePhotoAlbumException.java
src/br/unicamp/ic/sed/mobilemedia/photo/spec/excep/InvalidPhotoAlbumNameException.java
src/br/unicamp/ic/sed/mobilemedia/photo/spec/excep/ImageNotFoundException.java
src/br/unicamp/ic/sed/mobilemedia/photo/spec/excep/NullAlbumDataReference.java
src/br/unicamp/ic/sed/mobilemedia/photo/spec/excep/InvalidImageDataException.java
src/br/unicamp/ic/sed/mobilemedia/photo/spec/excep/PersistenceMechanismException.java
src/br/unicamp/ic/sed/mobilemedia/photo/spec/prov/IPhoto.java
src/br/unicamp/ic/sed/mobilemedia/photo/spec/prov/IManager.java
src/br/unicamp/ic/sed/mobilemedia/photo/spec/req/IMobilePhone.java
src/br/unicamp/ic/sed/mobilemedia/photo/spec/req/IMobileResources.java
src/br/unicamp/ic/sed/mobilemedia/photo/spec/req/IFilesystem.java
src/br/unicamp/ic/sed/mobilemedia/photo/spec/dt/Constants.java
src/br/unicamp/ic/sed/mobilemedia/photo/spec/dt/Command.java
src/br/unicamp/ic/sed/mobilemedia/photo/spec/dt/Image.java
src/br/unicamp/ic/sed/mobilemedia/photo/aspects/XPIPhoto.aj
src/br/unicamp/ic/sed/mobilemedia/photo/aspects/XPIPhotoController.aj
src/br/unicamp/ic/sed/mobilemedia/photo/aspects/XPIPhotoViewScreen.aj
src/br/unicamp/ic/sed/mobilemedia/photo/aspects/XPIPhotoListController.aj
src/br/unicamp/ic/sed/mobilemedia/photo/aspects/XPIPhotoListScreen.aj
src/br/unicamp/ic/sed/mobilemedia/photo/impl/VariantFactory.aj
src/br/unicamp/ic/sed/mobilemedia/photo/impl/ComponentFactory.java
src/br/unicamp/ic/sed/mobilemedia/photo/impl/PhotoViewScreen.java
src/br/unicamp/ic/sed/mobilemedia/photo/impl/PhotoListController.java
src/br/unicamp/ic/sed/mobilemedia/photo/impl/Manager.java
src/br/unicamp/ic/sed/mobilemedia/photo/impl/PhotoController.java
src/br/unicamp/ic/sed/mobilemedia/photo/impl/AbstractController.java
src/br/unicamp/ic/sed/mobilemedia/photo/impl/ScreenSingleton.java
src/br/unicamp/ic/sed/mobilemedia/photo/impl/ControllerInterface.java
src/br/unicamp/ic/sed/mobilemedia/photo/impl/PhotoControllerDHandler.java
src/br/unicamp/ic/sed/mobilemedia/photo/impl/PhotoControllerDHandlerStub.java
src/br/unicamp/ic/sed/mobilemedia/photo/impl/AddPhotoToAlbum.java
src/br/unicamp/ic/sed/mobilemedia/photo/impl/IPhotoControllerDHandler.java
src/br/unicamp/ic/sed/mobilemedia/photo/impl/PhotoListScreen.java
src/br/unicamp/ic/sed/mobilemedia/photo/impl/NewLabelScreen.java
src/br/unicamp/ic/sed/mobilemedia/photo/impl/IPhotoFacade.java
src/br/unicamp/ic/sed/mobilemedia/photo/impl/PhotoVariant.aj
src/br/unicamp/ic/sed/mobilemedia/photo_vp_music/Variant_music.aj
src/br/unicamp/ic/sed/mobilemedia/photo_vp_music/MusicStub.java
src/br/unicamp/ic/sed/mobilemedia/photo_vp_music/MusicBinder.aj
src/br/unicamp/ic/sed/mobilemedia/sms_photo/ComponentFactory.java
src/br/unicamp/ic/sed/mobilemedia/sms_photo/Manager.java
src/br/unicamp/ic/sed/mobilemedia/sms_photo/IManager.java
src/br/unicamp/ic/sed/mobilemedia/sms_photo/IAdapterPhotoSms.java
src/br/unicamp/ic/sed/mobilemedia/copyphoto_conn/AdapterSms.aj
src/br/unicamp/ic/sed/mobilemedia/sorting/spec/excep/UnavailablePhotoAlbumException.java
src/br/unicamp/ic/sed/mobilemedia/sorting/spec/excep/InvalidPhotoAlbumNameException.java
src/br/unicamp/ic/sed/mobilemedia/sorting/spec/excep/ImageNotFoundException.java
src/br/unicamp/ic/sed/mobilemedia/sorting/spec/excep/NullAlbumDataReference.java
src/br/unicamp/ic/sed/mobilemedia/sorting/spec/excep/InvalidImageDataException.java
src/br/unicamp/ic/sed/mobilemedia/sorting/spec/excep/PersistenceMechanismException.java
src/br/unicamp/ic/sed/mobilemedia/sorting/spec/prov/IManager.java
src/br/unicamp/ic/sed/mobilemedia/sorting/spec/req/IFilesystem.java
src/br/unicamp/ic/sed/mobilemedia/sorting/aspects/XPIFilesystemMgrSorting.aj
src/br/unicamp/ic/sed/mobilemedia/sorting/aspects/FilesystemMgrSorting.aj
src/br/unicamp/ic/sed/mobilemedia/sorting/aspects/PhotoSorting.aj
src/br/unicamp/ic/sed/mobilemedia/sorting/aspects/ChangeImageData.aj
src/br/unicamp/ic/sed/mobilemedia/sorting/impl/ComponentFactory.java
src/br/unicamp/ic/sed/mobilemedia/sorting/impl/Manager.java
src/br/unicamp/ic/sed/mobilemedia/copyphoto/spec/excep/UnavailablePhotoAlbumException.java
src/br/unicamp/ic/sed/mobilemedia/copyphoto/spec/excep/InvalidImageFormatException.java
src/br/unicamp/ic/sed/mobilemedia/copyphoto/spec/excep/ImageNotFoundException.java
src/br/unicamp/ic/sed/mobilemedia/copyphoto/spec/excep/ImagePathNotValidException.java
src/br/unicamp/ic/sed/mobilemedia/copyphoto/spec/excep/NullAlbumDataReference.java
src/br/unicamp/ic/sed/mobilemedia/copyphoto/spec/excep/InvalidImageDataException.java
src/br/unicamp/ic/sed/mobilemedia/copyphoto/spec/excep/PersistenceMechanismException.java
src/br/unicamp/ic/sed/mobilemedia/copyphoto/spec/prov/ICopyPhoto.java
src/br/unicamp/ic/sed/mobilemedia/copyphoto/spec/prov/IManager.java
src/br/unicamp/ic/sed/mobilemedia/copyphoto/spec/req/IMobileResources.java
src/br/unicamp/ic/sed/mobilemedia/copyphoto/spec/req/IFilesystem.java
src/br/unicamp/ic/sed/mobilemedia/copyphoto/spec/dt/Constants.java
src/br/unicamp/ic/sed/mobilemedia/copyphoto/aspects/XPIPhotoViewController.aj
src/br/unicamp/ic/sed/mobilemedia/copyphoto/aspects/CopyPhoto_Photo.aj
src/br/unicamp/ic/sed/mobilemedia/copyphoto/impl/ComponentFactory.java
src/br/unicamp/ic/sed/mobilemedia/copyphoto/impl/ICopyPhotoFacade.java
src/br/unicamp/ic/sed/mobilemedia/copyphoto/impl/Manager.java
src/br/unicamp/ic/sed/mobilemedia/copyphoto/impl/AbstractController.java
src/br/unicamp/ic/sed/mobilemedia/copyphoto/impl/ScreenSingleton.java
src/br/unicamp/ic/sed/mobilemedia/copyphoto/impl/ControllerInterface.java
src/br/unicamp/ic/sed/mobilemedia/copyphoto/impl/PhotoViewController.java
src/br/unicamp/ic/sed/mobilemedia/copyphoto/impl/AddPhotoToAlbum.java
src/br/unicamp/ic/sed/mobilemedia/photo_vp_sort_fav/impl/SortingBinder.aj
src/br/unicamp/ic/sed/mobilemedia/photo_vp_sort_fav/impl/ComponentFactory.java
src/br/unicamp/ic/sed/mobilemedia/photo_vp_sort_fav/impl/Manager.java
src/br/unicamp/ic/sed/mobilemedia/photo_vp_sort_fav/impl/FavouritesStub.java
src/br/unicamp/ic/sed/mobilemedia/photo_vp_sort_fav/impl/Variant_sort_fav.aj
src/br/unicamp/ic/sed/mobilemedia/photo_vp_sort_fav/impl/IManager.java
src/br/unicamp/ic/sed/mobilemedia/photo_vp_sort_fav/impl/FavouritesBinder.aj
src/br/unicamp/ic/sed/mobilemedia/photo_vp_sort_fav/impl/SortingStub.java
src/br/unicamp/ic/sed/mobilemedia/photo_vp_copyphoto_sms/impl/CopyphotoBinder.aj
src/br/unicamp/ic/sed/mobilemedia/photo_vp_copyphoto_sms/impl/Variant_copyphoto_sms.aj
src/br/unicamp/ic/sed/mobilemedia/photo_vp_copyphoto_sms/impl/SmsStub.java
src/br/unicamp/ic/sed/mobilemedia/photo_vp_copyphoto_sms/impl/CopyphotoStub.java
src/br/unicamp/ic/sed/mobilemedia/photo_vp_copyphoto_sms/impl/SmsBinder.aj
src/br/unicamp/ic/sed/mobilemedia/album_mobilephonemgr/impl/ComponentFactory.java
src/br/unicamp/ic/sed/mobilemedia/album_mobilephonemgr/impl/Manager.java
src/br/unicamp/ic/sed/mobilemedia/album_mobilephonemgr/impl/IAlbumAdapter.java
src/br/unicamp/ic/sed/mobilemedia/album_mobilephonemgr/impl/IMobilePhoneAdapter.java
src/br/unicamp/ic/sed/mobilemedia/album_mobilephonemgr/impl/IManager.java
src/br/unicamp/ic/sed/mobilemedia/filesystemmgr_album/impl/ComponentFactory.java
src/br/unicamp/ic/sed/mobilemedia/filesystemmgr_album/impl/Manager.java
src/br/unicamp/ic/sed/mobilemedia/filesystemmgr_album/impl/IAdapterFilesystemAlbum.java
src/br/unicamp/ic/sed/mobilemedia/filesystemmgr_album/impl/IManager.java
src/br/unicamp/ic/sed/mobilemedia/main/spec/excep/VariabilityException.java
src/br/unicamp/ic/sed/mobilemedia/main/spec/dt/IImageData.java
src/br/unicamp/ic/sed/mobilemedia/main/MainUIMidlet.java
src/br/unicamp/ic/sed/mobilemedia/main/IMobileResources.java
src/br/unicamp/ic/sed/mobilemedia/main/Configurator.aj
src/br/unicamp/ic/sed/mobilemedia/favourites/spec/excep/UnavailablePhotoAlbumException.java
src/br/unicamp/ic/sed/mobilemedia/favourites/spec/excep/InvalidPhotoAlbumNameException.java
src/br/unicamp/ic/sed/mobilemedia/favourites/spec/excep/ImageNotFoundException.java
src/br/unicamp/ic/sed/mobilemedia/favourites/spec/excep/NullAlbumDataReference.java
src/br/unicamp/ic/sed/mobilemedia/favourites/spec/excep/InvalidImageDataException.java
src/br/unicamp/ic/sed/mobilemedia/favourites/spec/excep/PersistenceMechanismException.java
src/br/unicamp/ic/sed/mobilemedia/favourites/spec/prov/IManager.java
src/br/unicamp/ic/sed/mobilemedia/favourites/spec/req/IFilesystem.java
src/br/unicamp/ic/sed/mobilemedia/favourites/aspects/FilesystemMgrFavourites.aj
src/br/unicamp/ic/sed/mobilemedia/favourites/aspects/PhotoFavourites.aj
src/br/unicamp/ic/sed/mobilemedia/favourites/aspects/XPIPhotoFavourites.aj
src/br/unicamp/ic/sed/mobilemedia/favourites/aspects/ChangeImageData.aj
src/br/unicamp/ic/sed/mobilemedia/favourites/impl/ComponentFactory.java
src/br/unicamp/ic/sed/mobilemedia/favourites/impl/Manager.java
src/br/unicamp/ic/sed/mobilemedia/music/spec/excep/InvalidArrayFormatException.java
src/br/unicamp/ic/sed/mobilemedia/music/spec/excep/UnavailablePhotoAlbumException.java
src/br/unicamp/ic/sed/mobilemedia/music/spec/excep/InvalidPhotoAlbumNameException.java
src/br/unicamp/ic/sed/mobilemedia/music/spec/excep/InvalidImageFormatException.java
src/br/unicamp/ic/sed/mobilemedia/music/spec/excep/ImageNotFoundException.java
src/br/unicamp/ic/sed/mobilemedia/music/spec/excep/ImagePathNotValidException.java
src/br/unicamp/ic/sed/mobilemedia/music/spec/excep/NullAlbumDataReference.java
src/br/unicamp/ic/sed/mobilemedia/music/spec/excep/InvalidImageDataException.java
src/br/unicamp/ic/sed/mobilemedia/music/spec/excep/PersistenceMechanismException.java
src/br/unicamp/ic/sed/mobilemedia/music/spec/prov/IManager.java
src/br/unicamp/ic/sed/mobilemedia/music/spec/prov/IMusic.java
src/br/unicamp/ic/sed/mobilemedia/music/spec/req/IMobileResources.java
src/br/unicamp/ic/sed/mobilemedia/music/spec/req/IFilesystemMusic.java
src/br/unicamp/ic/sed/mobilemedia/music/spec/dt/Constants.java
src/br/unicamp/ic/sed/mobilemedia/music/aspects/XPIPlayMusicScreen.aj
src/br/unicamp/ic/sed/mobilemedia/music/aspects/XPIMusicPlayController.aj
src/br/unicamp/ic/sed/mobilemedia/music/aspects/Photo.aj
src/br/unicamp/ic/sed/mobilemedia/music/aspects/XPIIMusicFacade.aj
src/br/unicamp/ic/sed/mobilemedia/music/impl/ComponentFactory.java
src/br/unicamp/ic/sed/mobilemedia/music/impl/Manager.java
src/br/unicamp/ic/sed/mobilemedia/music/impl/MusicPlayController.java
src/br/unicamp/ic/sed/mobilemedia/music/impl/AbstractController.java
src/br/unicamp/ic/sed/mobilemedia/music/impl/ScreenSingleton.java
src/br/unicamp/ic/sed/mobilemedia/music/impl/IMusicFacade.java
src/br/unicamp/ic/sed/mobilemedia/music/impl/ControllerInterface.java
src/br/unicamp/ic/sed/mobilemedia/music/impl/MusicController.java
src/br/unicamp/ic/sed/mobilemedia/music/impl/PlayMediaScreen.java
src/br/unicamp/ic/sed/mobilemedia/filesystemmgr_connector_VP/impl/ComponentFactory.java
src/br/unicamp/ic/sed/mobilemedia/filesystemmgr_connector_VP/impl/Manager.java
src/br/unicamp/ic/sed/mobilemedia/filesystemmgr_connector_VP/impl/AdapterFilesystemSorting.java
src/br/unicamp/ic/sed/mobilemedia/filesystemmgr_connector_VP/impl/VariantBinder.aj
src/br/unicamp/ic/sed/mobilemedia/filesystemmgr_connector_VP/impl/AdapterFilesystemCopyPhoto.java
src/br/unicamp/ic/sed/mobilemedia/filesystemmgr_connector_VP/impl/AdapterFilesystemFavourites.java
src/br/unicamp/ic/sed/mobilemedia/filesystemmgr_connector_VP/impl/IManager.java
src/br/unicamp/ic/sed/mobilemedia/filesystemmgr_connector_VP/impl/AdapterFilesystemSms.java
src/br/unicamp/ic/sed/mobilemedia/filesystemmgr_connector_VP/impl/Variant.java
src/br/unicamp/ic/sed/mobilemedia/filesystemmgr_connector_VP/impl/AdapterFilesystemMusic.java
src/br/unicamp/ic/sed/mobilemedia/sms/spec/excep/ImageNotFoundException.java
src/br/unicamp/ic/sed/mobilemedia/sms/spec/excep/NullAlbumDataReference.java
src/br/unicamp/ic/sed/mobilemedia/sms/spec/excep/InvalidImageDataException.java
src/br/unicamp/ic/sed/mobilemedia/sms/spec/prov/IManager.java
src/br/unicamp/ic/sed/mobilemedia/sms/spec/prov/ISms.java
src/br/unicamp/ic/sed/mobilemedia/sms/spec/req/IPhoto.java
src/br/unicamp/ic/sed/mobilemedia/sms/spec/req/IMobileResources.java
src/br/unicamp/ic/sed/mobilemedia/sms/spec/req/IFilesystem.java
src/br/unicamp/ic/sed/mobilemedia/sms/spec/req/IAlbum.java
src/br/unicamp/ic/sed/mobilemedia/sms/spec/dt/Constants.java
src/br/unicamp/ic/sed/mobilemedia/sms/spec/dt/ImageData.java
src/br/unicamp/ic/sed/mobilemedia/sms/aspects/XPISmsMessaging.aj
src/br/unicamp/ic/sed/mobilemedia/sms/aspects/XPISenderController.aj
src/br/unicamp/ic/sed/mobilemedia/sms/aspects/SmsReceiver.aj
src/br/unicamp/ic/sed/mobilemedia/sms/aspects/SmsSender.aj
src/br/unicamp/ic/sed/mobilemedia/sms/aspects/XPISmsAccessor.aj
src/br/unicamp/ic/sed/mobilemedia/sms/impl/SmsMessaging.java
src/br/unicamp/ic/sed/mobilemedia/sms/impl/ComponentFactory.java
src/br/unicamp/ic/sed/mobilemedia/sms/impl/Manager.java
src/br/unicamp/ic/sed/mobilemedia/sms/impl/SmsSenderController.java
src/br/unicamp/ic/sed/mobilemedia/sms/impl/SmsReceiverController.java
src/br/unicamp/ic/sed/mobilemedia/sms/impl/AbstractController.java
src/br/unicamp/ic/sed/mobilemedia/sms/impl/ScreenSingleton.java
src/br/unicamp/ic/sed/mobilemedia/sms/impl/ControllerInterface.java
src/br/unicamp/ic/sed/mobilemedia/sms/impl/SmsReceiverThread.java
src/br/unicamp/ic/sed/mobilemedia/sms/impl/SmsImageAccessor.java
src/br/unicamp/ic/sed/mobilemedia/sms/impl/ISmsFacade.java
src/br/unicamp/ic/sed/mobilemedia/sms/impl/NetworkScreen.java
src/br/unicamp/ic/sed/mobilemedia/sms/impl/BaseMessaging.java
src/br/unicamp/ic/sed/mobilemedia/sms/impl/SmsSenderThread.java
src/br/unicamp/ic/sed/mobilemedia/excep_album/impl/ComponentFactory.java
src/br/unicamp/ic/sed/mobilemedia/excep_album/impl/Manager.java
src/br/unicamp/ic/sed/mobilemedia/excep_album/impl/AlbumBinder.aj
src/br/unicamp/ic/sed/mobilemedia/excep_album/impl/ExceptionAdapter.aj
src/br/unicamp/ic/sed/mobilemedia/excep_album/impl/IManager.java
src/br/unicamp/ic/sed/mobilemedia/photo_album/impl/ComponentFactory.java
src/br/unicamp/ic/sed/mobilemedia/photo_album/impl/Manager.java
src/br/unicamp/ic/sed/mobilemedia/photo_album/impl/IManager.java
src/br/unicamp/ic/sed/mobilemedia/photo_album/impl/IAdapterPhotoAlbum.java
src/br/unicamp/ic/sed/mobilemedia/mainuimidlet_exceptionhandler/impl/ComponentFactory.java
src/br/unicamp/ic/sed/mobilemedia/mainuimidlet_exceptionhandler/impl/Manager.java
src/br/unicamp/ic/sed/mobilemedia/mainuimidlet_exceptionhandler/impl/MobileResourcesEHAdapter.java
src/br/unicamp/ic/sed/mobilemedia/mainuimidlet_exceptionhandler/impl/IManager.java
src/br/unicamp/ic/sed/mobilemedia/mainuimidlet_mobilephonemgr/impl/ComponentFactory.java
src/br/unicamp/ic/sed/mobilemedia/mainuimidlet_mobilephonemgr/impl/Manager.java
src/br/unicamp/ic/sed/mobilemedia/mainuimidlet_mobilephonemgr/impl/IAdapterMobilePhoneMgrMainMidlet.java
src/br/unicamp/ic/sed/mobilemedia/mainuimidlet_mobilephonemgr/impl/IManager.java
src/br/unicamp/ic/sed/mobilemedia/excep_connector_VP/impl/ComponentFactory.java
src/br/unicamp/ic/sed/mobilemedia/excep_connector_VP/impl/Manager.java
src/br/unicamp/ic/sed/mobilemedia/excep_connector_VP/impl/ExceptionAdapter.aj
src/br/unicamp/ic/sed/mobilemedia/excep_connector_VP/impl/variants/SortingBinder.aj
src/br/unicamp/ic/sed/mobilemedia/excep_connector_VP/impl/variants/CopyphotoBinder.aj
src/br/unicamp/ic/sed/mobilemedia/excep_connector_VP/impl/variants/AlbumBinder.aj
src/br/unicamp/ic/sed/mobilemedia/excep_connector_VP/impl/variants/FavouritesBinder.aj
src/br/unicamp/ic/sed/mobilemedia/excep_connector_VP/impl/variants/SMSBinder.aj
src/br/unicamp/ic/sed/mobilemedia/excep_connector_VP/impl/variants/MusicBinder.aj
src/br/unicamp/ic/sed/mobilemedia/excep_connector_VP/impl/IManager.java
src/br/unicamp/ic/sed/mobilemedia/filesystemmgr/spec/excep/InvalidArrayFormatException.java
src/br/unicamp/ic/sed/mobilemedia/filesystemmgr/spec/excep/UnavailablePhotoAlbumException.java
src/br/unicamp/ic/sed/mobilemedia/filesystemmgr/spec/excep/InvalidPhotoAlbumNameException.java
src/br/unicamp/ic/sed/mobilemedia/filesystemmgr/spec/excep/InvalidImageFormatException.java
src/br/unicamp/ic/sed/mobilemedia/filesystemmgr/spec/excep/ImageNotFoundException.java
src/br/unicamp/ic/sed/mobilemedia/filesystemmgr/spec/excep/ImagePathNotValidException.java
src/br/unicamp/ic/sed/mobilemedia/filesystemmgr/spec/excep/NullAlbumDataReference.java
src/br/unicamp/ic/sed/mobilemedia/filesystemmgr/spec/excep/InvalidImageDataException.java
src/br/unicamp/ic/sed/mobilemedia/filesystemmgr/spec/excep/PersistenceMechanismException.java
src/br/unicamp/ic/sed/mobilemedia/filesystemmgr/spec/prov/IFilesystem.java
src/br/unicamp/ic/sed/mobilemedia/filesystemmgr/spec/prov/IManager.java
src/br/unicamp/ic/sed/mobilemedia/filesystemmgr/spec/prov/IFilesystemMedia.java
src/br/unicamp/ic/sed/mobilemedia/filesystemmgr/spec/dt/ImageData.java
src/br/unicamp/ic/sed/mobilemedia/filesystemmgr/aspects/XPIAlbumData.aj
src/br/unicamp/ic/sed/mobilemedia/filesystemmgr/aspects/XPIIFilesystem.aj
src/br/unicamp/ic/sed/mobilemedia/filesystemmgr/aspects/XPIImageUtil.aj
src/br/unicamp/ic/sed/mobilemedia/filesystemmgr/impl/IFileSystemFacade.java
src/br/unicamp/ic/sed/mobilemedia/filesystemmgr/impl/IAlbumData.java
src/br/unicamp/ic/sed/mobilemedia/filesystemmgr/impl/VariantFactory.aj
src/br/unicamp/ic/sed/mobilemedia/filesystemmgr/impl/ComponentFactory.java
src/br/unicamp/ic/sed/mobilemedia/filesystemmgr/impl/AlbumData.java
src/br/unicamp/ic/sed/mobilemedia/filesystemmgr/impl/MusicUtil.java
src/br/unicamp/ic/sed/mobilemedia/filesystemmgr/impl/VPMedias.java
src/br/unicamp/ic/sed/mobilemedia/filesystemmgr/impl/Manager.java
src/br/unicamp/ic/sed/mobilemedia/filesystemmgr/impl/ExceptionThrower.aj
src/br/unicamp/ic/sed/mobilemedia/filesystemmgr/impl/MusicMediaAccessor.java
src/br/unicamp/ic/sed/mobilemedia/filesystemmgr/impl/MusicAlbumData.java
src/br/unicamp/ic/sed/mobilemedia/filesystemmgr/impl/ImageUtil.java
src/br/unicamp/ic/sed/mobilemedia/filesystemmgr/impl/IFilesystemMediaFacade.java
src/br/unicamp/ic/sed/mobilemedia/filesystemmgr/impl/ImageAccessor.java
src/br/unicamp/ic/sed/mobilemedia/filesystemmgr/impl/ObjectFactory.java
src/br/unicamp/ic/sed/mobilemedia/filesystemmgr_photo/impl/ComponentFactory.java
src/br/unicamp/ic/sed/mobilemedia/filesystemmgr_photo/impl/Manager.java
src/br/unicamp/ic/sed/mobilemedia/filesystemmgr_photo/impl/AdapterFilesystemPhoto.java
src/br/unicamp/ic/sed/mobilemedia/filesystemmgr_photo/impl/IManager.java
src/br/unicamp/ic/sed/mobilemedia/mainuimidlet_album/impl/ComponentFactory.java
src/br/unicamp/ic/sed/mobilemedia/mainuimidlet_album/impl/Manager.java
src/br/unicamp/ic/sed/mobilemedia/mainuimidlet_album/impl/IManager.java
src/br/unicamp/ic/sed/mobilemedia/mainuimidlet_album/impl/IMobileResourcesAdapter.java
src/br/unicamp/ic/sed/mobilemedia/mainuimidlet_connector_VP/impl/ComponentFactory.java
src/br/unicamp/ic/sed/mobilemedia/mainuimidlet_connector_VP/impl/Manager.java
src/br/unicamp/ic/sed/mobilemedia/mainuimidlet_connector_VP/impl/VariantBinder.aj
src/br/unicamp/ic/sed/mobilemedia/mainuimidlet_connector_VP/impl/AdapterResourcesCopyPhoto.java
src/br/unicamp/ic/sed/mobilemedia/mainuimidlet_connector_VP/impl/AdapterResourcesMusic.java
src/br/unicamp/ic/sed/mobilemedia/mainuimidlet_connector_VP/impl/IManager.java
src/br/unicamp/ic/sed/mobilemedia/mainuimidlet_connector_VP/impl/Variant.java
src/br/unicamp/ic/sed/mobilemedia/mainuimidlet_connector_VP/impl/AdapterResourcesSms.java
src/br/unicamp/ic/sed/mobilemedia/album/spec/excep/UnavailablePhotoAlbumException.java
src/br/unicamp/ic/sed/mobilemedia/album/spec/excep/InvalidPhotoAlbumNameException.java
src/br/unicamp/ic/sed/mobilemedia/album/spec/excep/ImageNotFoundException.java
src/br/unicamp/ic/sed/mobilemedia/album/spec/excep/NullAlbumDataReference.java
src/br/unicamp/ic/sed/mobilemedia/album/spec/excep/InvalidImageDataException.java
src/br/unicamp/ic/sed/mobilemedia/album/spec/excep/PersistenceMechanismException.java
src/br/unicamp/ic/sed/mobilemedia/album/spec/prov/Start.java
src/br/unicamp/ic/sed/mobilemedia/album/spec/prov/IManager.java
src/br/unicamp/ic/sed/mobilemedia/album/spec/prov/IAlbum.java
src/br/unicamp/ic/sed/mobilemedia/album/spec/req/IPhoto.java
src/br/unicamp/ic/sed/mobilemedia/album/spec/req/IMobilePhone.java
src/br/unicamp/ic/sed/mobilemedia/album/spec/req/IMobileResources.java
src/br/unicamp/ic/sed/mobilemedia/album/spec/req/IFilesystem.java
src/br/unicamp/ic/sed/mobilemedia/album/spec/dt/Constants.java
src/br/unicamp/ic/sed/mobilemedia/album/aspects/XPIAlbumController.aj
src/br/unicamp/ic/sed/mobilemedia/album/impl/AlbumListScreen.java
src/br/unicamp/ic/sed/mobilemedia/album/impl/ComponentFactory.java
src/br/unicamp/ic/sed/mobilemedia/album/impl/Manager.java
src/br/unicamp/ic/sed/mobilemedia/album/impl/NewAlbumScreen.java
src/br/unicamp/ic/sed/mobilemedia/album/impl/AbstractController.java
src/br/unicamp/ic/sed/mobilemedia/album/impl/ScreenSingleton.java
src/br/unicamp/ic/sed/mobilemedia/album/impl/ControllerInterface.java
src/br/unicamp/ic/sed/mobilemedia/album/impl/AlbumController.java
src/br/unicamp/ic/sed/mobilemedia/album/impl/InternalAlbumController.java
src/br/unicamp/ic/sed/mobilemedia/album/impl/NewLabelScreen.java
src/br/unicamp/ic/sed/mobilemedia/album/impl/IAlbumFacade.java
src/br/unicamp/ic/sed/mobilemedia/mainuimidlet_photo/impl/ComponentFactory.java
src/br/unicamp/ic/sed/mobilemedia/mainuimidlet_photo/impl/Manager.java
src/br/unicamp/ic/sed/mobilemedia/mainuimidlet_photo/impl/IManager.java
src/br/unicamp/ic/sed/mobilemedia/mainuimidlet_photo/impl/IMobileResourcesAdapter.java
